Field constructed
Shelter constructed
Virologist constructed
State constructed
Default constructed
Virologist accepted
Collectible constructed
Gear constructed
Cape constructed
Gear added to inventory
Item removed
Cape collected

Shelter(s):
	virologists:
		v
	neighbours:
	gears:

Virologist(v):
	field: s
	maxMaterial: 3
	gears:
		Cape@300ffa5d
	codes:
	states:
		Default@4d405ef7
