Field constructed
FreeField constructed
Field constructed
FreeField constructed
Virologist constructed
State constructed
Default constructed
Neighbour Field added
Neighbour Field added
Virologist accepted
Moving virologist
Virologist accepted
Virologist removed

FreeField(f1):
	virologists:
	neighbours:
		f2

FreeField(f2):
	virologists:
		v
	neighbours:
		f1

Virologist(v):
	field: f2
	maxMaterial: 3
	gears:
	codes:
	states:
		Default@31221be2
