Field constructed
FreeField constructed
Virologist constructed
State constructed
Default constructed
Virologist constructed
State constructed
Default constructed
Virologist accepted
Virologist accepted
Collectible constructed
Gear constructed
Axe generated
Field constructed
Shelter constructed
Gear added to inventory
Virologist removed from the game.

FreeField(f):
	virologists:
		v1
		null
	neighbours:
