Field constructed
Storage constructed
Collectible constructed
Material constructed
Collectible constructed
Material constructed
Collectible constructed
Material constructed
Collectible constructed
Material constructed
Stored materials size: 4
Virologist constructed
State constructed
Default constructed
Virologist accepted
Material collected
Material added to inventory, available space (2)
Material removed from Storage

Storage(s):
	virologists:
		v
	neighbours:
	storedMaterials: 3

Virologist(v):
	field: s
	maxMaterial: 3
	gears:
	codes:
	states:
		Default@621be5d1
