Field constructed
FreeField constructed
Virologist constructed
State constructed
Default constructed
Virologist constructed
State constructed
Default constructed
Virologist accepted
Virologist accepted
Collectible constructed
Code constructed
Oblivion constructed
Field constructed
Laboratory constructed
Code learnt
Collectible constructed
Code constructed
Paralysing constructed
Field constructed
Laboratory constructed
Code learnt
State constructed
Dancing constructed
Collectible constructed
Material constructed
Field constructed
Storage constructed
Collectible constructed
Material constructed
Collectible constructed
Material constructed
Collectible constructed
Material constructed
Collectible constructed
Material constructed
Stored materials size: 4
Material added to inventory, available space (2)
Collectible constructed
Code constructed
Oblivion constructed
Use code
Stored materials by the virologist (before): 1
Game constructed
Remove collectible
Material preparing for removal
Collectible constructed
Material constructed
Material removed from inventory, available space (3)
Stored materials by the virologist (after): 0
Oblivion setState

Virologist(v1):
	field: f
	maxMaterial: 3
	gears:
	codes:
		Oblivion@5a10411
	states:
		Default@2ef1e4fa

Virologist(v2):
	field: f
	maxMaterial: 3
	gears:
	codes:
	states:
		Dancing@306a30c7
		Default@b81eda8
