Field constructed
FreeField constructed
Virologist constructed
State constructed
Default constructed
Virologist constructed
State constructed
Default constructed
Virologist accepted
Virologist accepted
Collectible constructed
Code constructed
Paralysing constructed
Field constructed
Laboratory constructed
Code learnt
State constructed
Dancing constructed
Collectible constructed
Code constructed
Paralysing constructed
Field constructed
Laboratory constructed
Code learnt
State constructed
Dancing constructed
Collectible constructed
Material constructed
Field constructed
Storage constructed
Collectible constructed
Material constructed
Collectible constructed
Material constructed
Collectible constructed
Material constructed
Collectible constructed
Material constructed
Collectible constructed
Material constructed
Stored materials size: 5
Material added to inventory, available space (2)
Collectible constructed
Material constructed
Field constructed
Storage constructed
Collectible constructed
Material constructed
Collectible constructed
Material constructed
Collectible constructed
Material constructed
Collectible constructed
Material constructed
Stored materials size: 4
Material added to inventory, available space (2)
Collectible constructed
Code constructed
Paralysing constructed
Use code
Stored materials by the virologist (before): 1
Remove collectible
Material preparing for removal
Collectible constructed
Material constructed
Material removed from inventory, available space (3)
Stored materials by the virologist (after): 0
Vaccination failed
Paralysing setState
State constructed
Paralysed constructed
Collectible constructed
Code constructed
Paralysing constructed
Use code
Stored materials by the virologist (before): 1
Remove collectible
Material preparing for removal
Collectible constructed
Material constructed
Material removed from inventory, available space (3)
Stored materials by the virologist (after): 0
Paralysing setState
State constructed
Paralysed constructed

Virologist(v1):
	field: f
	maxMaterial: 3
	gears:
	codes:
		Paralysing@4bf558aa
	states:
		Paralysed@2d38eb89
		Paralysed@5fa7e7ff
		Dancing@4629104a
		Default@27f8302d

Virologist(v2):
	field: f
	maxMaterial: 3
	gears:
	codes:
		Paralysing@4d76f3f8
	states:
		Dancing@2d8e6db6
		Default@23ab930d
