Field constructed
Shelter constructed
Virologist constructed
State constructed
Default constructed
Virologist accepted
Collectible constructed
Gear constructed
Bag constructed
Gear added to inventory
Item removed
Max Material size changed (3 -> 6)
Bag collected.

Shelter(s):
	virologists:
		v
	neighbours:
	gears:

Virologist(v):
	field: s
	maxMaterial: 6
	gears:
		Bag@5197848c
	codes:
	states:
		Default@17f052a3
