Field constructed
FreeField constructed
Virologist constructed
State constructed
Default constructed
Virologist constructed
State constructed
Default constructed
Virologist accepted
Virologist accepted
State constructed
Immune constructed
immune>default
Collectible constructed
Code constructed
Paralysing constructed
Field constructed
Laboratory constructed
Code learnt
State constructed
Dancing constructed
Collectible constructed
Code constructed
Paralysing constructed
Use code
Not enough Material

Virologist(v1):
	field: f
	maxMaterial: 3
	gears:
	codes:
		Paralysing@5d6f64b1
	states:
		Dancing@32a1bec0
		Default@22927a81

Virologist(v2):
	field: f
	maxMaterial: 3
	gears:
	codes:
	states:
		Immune@78e03bb5
		Default@5e8c92f4
