Field constructed
Shelter constructed
Virologist constructed
State constructed
Default constructed
Virologist accepted
Collectible constructed
Gear constructed
Axe generated

Shelter(s):
	virologists:
		v
	neighbours:
	gears:
		Axe@1de0aca6

Virologist(v):
	field: s
	maxMaterial: 3
	gears:
	codes:
	states:
		Default@255316f2
