Field constructed
FreeField constructed
Field constructed
Storage constructed
Collectible constructed
Material constructed
Collectible constructed
Material constructed
Collectible constructed
Material constructed
Stored materials size: 3
Virologist constructed
State constructed
Default constructed
Neighbour Field added
Neighbour Field added
Virologist accepted
State constructed
Bear state
Random neighbour: 0
Virologist accepted
Virologist moved randomly because of bear
Virologist removed
Material collected
Material added to inventory, available space (2)
Material removed from Storage
Material removed from inventory, available space (3)
Material collected
Material added to inventory, available space (2)
Material removed from Storage
Material removed from inventory, available space (3)
Material collected
Material added to inventory, available space (2)
Material removed from Storage
Material removed from inventory, available space (3)
Storage is empty

Storage(s):
	virologists:
		v
	neighbours:
		f
	storedMaterials: 0

Virologist(v):
	field: s
	maxMaterial: 3
	gears:
	codes:
	states:
		Bear@7506e922
		Default@4ee285c6
