Field constructed
FreeField constructed
Field constructed
FreeField constructed
Virologist constructed
State constructed
Default constructed
Neighbour Field added
Neighbour Field added
State constructed
Paralysed constructed
Virologist cannot move while being paralysed

FreeField(f1):
	virologists:
	neighbours:
		f2

FreeField(f2):
	virologists:
	neighbours:
		f1

Virologist(v):
	field: f1
	maxMaterial: 3
	gears:
	codes:
	states:
		Paralysed@6576fe71
		Default@76fb509a
