Field constructed
FreeField constructed
Virologist constructed
State constructed
Default constructed
Virologist constructed
State constructed
Default constructed
Virologist accepted
Virologist accepted
Collectible constructed
Code constructed
Paralysing constructed
Field constructed
Laboratory constructed
Code learnt
State constructed
Dancing constructed
Collectible constructed
Gear constructed
Cape constructed
Field constructed
Shelter constructed
Gear added to inventory
Collectible constructed
Code constructed
Paralysing constructed
Use code
Not enough Material

Virologist(v1):
	field: f
	maxMaterial: 3
	gears:
		Cape@439f5b3d
	codes:
	states:
		Default@1d56ce6a

Virologist(v2):
	field: f
	maxMaterial: 3
	gears:
	codes:
		Paralysing@5197848c
	states:
		Dancing@17f052a3
		Default@2e0fa5d3
